23:04:31 **** Incremental Build of configuration Debug for project tracker ****
make all 
'Building file: ../src/lw_usb/MAX3421E.c'
'Invoking: MicroBlaze gcc compiler'
mb-gcc -Wall -O0 -g3 -c -fmessage-length=0 -MT"src/lw_usb/MAX3421E.o" -ID:/SpartanTracker/lab7_2/sdk/tracker_top/export/tracker_top/sw/tracker_top/standalone_microblaze_0/bspinclude/include -mno-xl-reorder -mlittle-endian -mxl-barrel-shift -mxl-pattern-compare -mcpu=v11.0 -mno-xl-soft-mul -Wl,--no-relax -ffunction-sections -fdata-sections -MMD -MP -MF"src/lw_usb/MAX3421E.d" -MT"src/lw_usb/MAX3421E.o" -o "src/lw_usb/MAX3421E.o" "../src/lw_usb/MAX3421E.c"
In file included from D:/SpartanTracker/lab7_2/sdk/tracker_top/export/tracker_top/sw/tracker_top/standalone_microblaze_0/bspinclude/include/xspi.h:303,
                 from ../src/lw_usb/MAX3421E.c:14:
../src/lw_usb/MAX3421E.c: In function 'SPI_init':
D:/SpartanTracker/lab7_2/sdk/tracker_top/export/tracker_top/sw/tracker_top/standalone_microblaze_0/bspinclude/include/xstatus.h:44:41: warning: 'return' with a value, in function returning void [-Wreturn-type]
   44 | #define XST_DEVICE_NOT_FOUND            2L
      |                                         ^~
../src/lw_usb/MAX3421E.c:40:24: note: in expansion of macro 'XST_DEVICE_NOT_FOUND'
   40 |                 return XST_DEVICE_NOT_FOUND;
      |                        ^~~~~~~~~~~~~~~~~~~~
../src/lw_usb/MAX3421E.c:34:6: note: declared here
   34 | void SPI_init() {
      |      ^~~~~~~~
In file included from D:/SpartanTracker/lab7_2/sdk/tracker_top/export/tracker_top/sw/tracker_top/standalone_microblaze_0/bspinclude/include/xspi.h:303,
                 from ../src/lw_usb/MAX3421E.c:14:
D:/SpartanTracker/lab7_2/sdk/tracker_top/export/tracker_top/sw/tracker_top/standalone_microblaze_0/bspinclude/include/xstatus.h:43:41: warning: 'return' with a value, in function returning void [-Wreturn-type]
   43 | #define XST_FAILURE                     1L
      |                                         ^~
../src/lw_usb/MAX3421E.c:46:24: note: in expansion of macro 'XST_FAILURE'
   46 |                 return XST_FAILURE;
      |                        ^~~~~~~~~~~
../src/lw_usb/MAX3421E.c:34:6: note: declared here
   34 | void SPI_init() {
      |      ^~~~~~~~
../src/lw_usb/MAX3421E.c: In function 'MAX3421E_Task':
../src/lw_usb/MAX3421E.c:342:46: warning: suggest parentheses around comparison in operand of '&' [-Wparentheses]
  342 |         if (XGpio_DiscreteRead(&Gpio_int, 1) & 0x01 == 0) {
      |                                              ^
../src/lw_usb/MAX3421E.c: In function 'MaxGpxHandler':
../src/lw_usb/MAX3421E.c:378:14: warning: variable 'GPINIRQ' set but not used [-Wunused-but-set-variable]
  378 |         BYTE GPINIRQ;
      |              ^~~~~~~
'Finished building: ../src/lw_usb/MAX3421E.c'
' '
'Building file: ../src/lw_usb/transfer.c'
'Invoking: MicroBlaze gcc compiler'
mb-gcc -Wall -O0 -g3 -c -fmessage-length=0 -MT"src/lw_usb/transfer.o" -ID:/SpartanTracker/lab7_2/sdk/tracker_top/export/tracker_top/sw/tracker_top/standalone_microblaze_0/bspinclude/include -mno-xl-reorder -mlittle-endian -mxl-barrel-shift -mxl-pattern-compare -mcpu=v11.0 -mno-xl-soft-mul -Wl,--no-relax -ffunction-sections -fdata-sections -MMD -MP -MF"src/lw_usb/transfer.d" -MT"src/lw_usb/transfer.o" -o "src/lw_usb/transfer.o" "../src/lw_usb/transfer.c"
../src/lw_usb/transfer.c:13:1: warning: braces around scalar initializer
   13 | EP_RECORD dev0ep = {{ 0 }};         //Endpoint data structure for uninitialized device during enumeration
      | ^~~~~~~~~
../src/lw_usb/transfer.c:13:1: note: (near initialization for 'dev0ep.epAddr')
../src/lw_usb/transfer.c: In function 'XferInTransfer':
../src/lw_usb/transfer.c:199:7: warning: unused variable 'tmpbyte' [-Wunused-variable]
  199 |  BYTE tmpbyte;
      |       ^~~~~~~
../src/lw_usb/transfer.c:198:7: warning: unused variable 'i' [-Wunused-variable]
  198 |  BYTE i;
      |       ^
'Finished building: ../src/lw_usb/transfer.c'
' '
'Building file: ../src/hdmi_text_controller.c'
'Invoking: MicroBlaze gcc compiler'
mb-gcc -Wall -O0 -g3 -c -fmessage-length=0 -MT"src/hdmi_text_controller.o" -ID:/SpartanTracker/lab7_2/sdk/tracker_top/export/tracker_top/sw/tracker_top/standalone_microblaze_0/bspinclude/include -mno-xl-reorder -mlittle-endian -mxl-barrel-shift -mxl-pattern-compare -mcpu=v11.0 -mno-xl-soft-mul -Wl,--no-relax -ffunction-sections -fdata-sections -MMD -MP -MF"src/hdmi_text_controller.d" -MT"src/hdmi_text_controller.o" -o "src/hdmi_text_controller.o" "../src/hdmi_text_controller.c"
In file included from ../src/hdmi_text_controller.c:2:
../src/hdmi_text_controller.h:43:54: warning: initialization of 'volatile struct TEXT_HDMI_STRUCT *' from 'int' makes pointer from integer without a cast [-Wint-conversion]
   43 | static volatile struct TEXT_HDMI_STRUCT* hdmi_ctrl = 0x44a00000;
      |                                                      ^~~~~~~~~~
../src/hdmi_text_controller.h:44:53: warning: initialization of 'volatile struct CURSOR_STRUCT *' from 'int' makes pointer from integer without a cast [-Wint-conversion]
   44 | static volatile struct CURSOR_STRUCT* cursor_ctrl = 0x40030000;
      |                                                     ^~~~~~~~~~
../src/hdmi_text_controller.c: In function 'textHDMIColorScreenSaver':
../src/hdmi_text_controller.c:100:32: warning: passing argument 1 of 'memcpy' discards 'volatile' qualifier from pointer target type [-Wdiscarded-qualifiers]
  100 |                         memcpy(&(hdmi_ctrl->VRAM[(dvd_y*COLUMNS + dvd_x) * 2]), old_string, strlen(dvd_string)*2);
      |                                ^~~~~~~~~~~~~~~~~~~~~~~~~~~~~~~~~~~~~~~~~~~~~~~
In file included from ../src/hdmi_text_controller.c:5:
c:\xilinx\vitis\2022.2\gnu\microblaze\nt\microblazeeb-xilinx-elf\usr\include\string.h:31:18: note: expected 'void * restrict' but argument is of type 'volatile uint8_t *' {aka 'volatile unsigned char *'}
   31 | void *   memcpy (void *__restrict, const void *__restrict, size_t);
      |                  ^
../src/hdmi_text_controller.c:110:44: warning: passing argument 2 of 'memcpy' discards 'volatile' qualifier from pointer target type [-Wdiscarded-qualifiers]
  110 |                         memcpy(old_string, &(hdmi_ctrl->VRAM[(dvd_y*COLUMNS + dvd_x) * 2]), strlen(dvd_string)*2);
      |                                            ^~~~~~~~~~~~~~~~~~~~~~~~~~~~~~~~~~~~~~~~~~~~~~~
In file included from ../src/hdmi_text_controller.c:5:
c:\xilinx\vitis\2022.2\gnu\microblaze\nt\microblazeeb-xilinx-elf\usr\include\string.h:31:36: note: expected 'const void * restrict' but argument is of type 'volatile uint8_t *' {aka 'volatile unsigned char *'}
   31 | void *   memcpy (void *__restrict, const void *__restrict, size_t);
      |                                    ^
../src/hdmi_text_controller.c:79:16: warning: unused variable 'dvd_d_colors' [-Wunused-variable]
   79 |         int8_t dvd_d_colors[3] = {-1, +1, -1};
      |                ^~~~~~~~~~~~
../src/hdmi_text_controller.c:78:16: warning: unused variable 'dvd_colors' [-Wunused-variable]
   78 |         int8_t dvd_colors[3] = {0x07, 0x07, 0x07};
      |                ^~~~~~~~~~
'Finished building: ../src/hdmi_text_controller.c'
' '
'Building file: ../src/lw_usb_main.c'
'Invoking: MicroBlaze gcc compiler'
mb-gcc -Wall -O0 -g3 -c -fmessage-length=0 -MT"src/lw_usb_main.o" -ID:/SpartanTracker/lab7_2/sdk/tracker_top/export/tracker_top/sw/tracker_top/standalone_microblaze_0/bspinclude/include -mno-xl-reorder -mlittle-endian -mxl-barrel-shift -mxl-pattern-compare -mcpu=v11.0 -mno-xl-soft-mul -Wl,--no-relax -ffunction-sections -fdata-sections -MMD -MP -MF"src/lw_usb_main.d" -MT"src/lw_usb_main.o" -o "src/lw_usb_main.o" "../src/lw_usb_main.c"
In file included from ../src/lw_usb_main.c:10:
../src/hdmi_text_controller.h:43:54: warning: initialization of 'volatile struct TEXT_HDMI_STRUCT *' from 'int' makes pointer from integer without a cast [-Wint-conversion]
   43 | static volatile struct TEXT_HDMI_STRUCT* hdmi_ctrl = 0x44a00000;
      |                                                      ^~~~~~~~~~
../src/hdmi_text_controller.h:44:53: warning: initialization of 'volatile struct CURSOR_STRUCT *' from 'int' makes pointer from integer without a cast [-Wint-conversion]
   44 | static volatile struct CURSOR_STRUCT* cursor_ctrl = 0x40030000;
      |                                                     ^~~~~~~~~~
../src/hdmi_text_controller.h:47:21: warning: 'colors' defined but not used [-Wunused-variable]
   47 | static struct COLOR colors[]={
      |                     ^~~~~~
../src/hdmi_text_controller.h:44:39: warning: 'cursor_ctrl' defined but not used [-Wunused-variable]
   44 | static volatile struct CURSOR_STRUCT* cursor_ctrl = 0x40030000;
      |                                       ^~~~~~~~~~~
../src/hdmi_text_controller.h:43:42: warning: 'hdmi_ctrl' defined but not used [-Wunused-variable]
   43 | static volatile struct TEXT_HDMI_STRUCT* hdmi_ctrl = 0x44a00000;
      |                                          ^~~~~~~~~
'Finished building: ../src/lw_usb_main.c'
' '
'Building file: ../src/platform.c'
'Invoking: MicroBlaze gcc compiler'
mb-gcc -Wall -O0 -g3 -c -fmessage-length=0 -MT"src/platform.o" -ID:/SpartanTracker/lab7_2/sdk/tracker_top/export/tracker_top/sw/tracker_top/standalone_microblaze_0/bspinclude/include -mno-xl-reorder -mlittle-endian -mxl-barrel-shift -mxl-pattern-compare -mcpu=v11.0 -mno-xl-soft-mul -Wl,--no-relax -ffunction-sections -fdata-sections -MMD -MP -MF"src/platform.d" -MT"src/platform.o" -o "src/platform.o" "../src/platform.c"
'Finished building: ../src/platform.c'
' '
'Building target: tracker.elf'
'Invoking: MicroBlaze gcc linker'
mb-gcc -Wl,-T -Wl,../src/lscript.ld -LD:/SpartanTracker/lab7_2/sdk/tracker_top/export/tracker_top/sw/tracker_top/standalone_microblaze_0/bsplib/lib -mlittle-endian -mxl-barrel-shift -mxl-pattern-compare -mcpu=v11.0 -mno-xl-soft-mul -Wl,--no-relax -Wl,--gc-sections -o "tracker.elf"  ./src/lw_usb/HID.o ./src/lw_usb/MAX3421E.o ./src/lw_usb/transfer.o  ./src/hdmi_text_controller.o ./src/lw_usb_main.o ./src/platform.o   -Wl,--start-group,-lxil,-lgcc,-lc,--end-group
'Finished building target: tracker.elf'
' '
'Invoking: MicroBlaze Print Size'
mb-size tracker.elf  |tee "tracker.elf.size"
   text	   data	    bss	    dec	    hex	filename
  30276	   4324	   3760	  38360	   95d8	tracker.elf
'Finished building: tracker.elf.size'
' '

23:04:34 Build Finished (took 2s.871ms)

